// Jest Snapshot v1, https://goo.gl/fbAQLP

exports[`Chartbuilder ChartBuilder.remapAmountBars ChartBuilder.build Builds chart properly 1`] = `
"	Team name	Medals
	X	████████████████████████████████████████████████████████████████████████████████████████████████████████████████████████████████████████████████████████████████████████████████████████████████████████
	Y	████████████████████████████████████████████████████████████████████████████████████████████████████
	Z	
"
`;
